
[oval run] =================================================
[oval run] USER : huangxt
[oval run] HOST : cmswn227.fnal.gov
[oval run] run tool: oval
[oval run] final instruction: EcalValidHits400GeV_all.csh
[oval run] =================================================

===========> Validating Ecal Simhits with 400 GeV Photon .......

       =================================================

       Message Log File written by MessageLogger service 
       
       =================================================
       
%MSG-i DDLParser:  25-Jul-2006 16:28:19 CDT pre-events
Start Parsing.  Validation is set off for the time being.
Element: Constant (64)
%MSG-i DDLParser:  25-Jul-2006 16:28:21 CDT pre-events
Start Parsing.  Validation is set off for the time being.
Element: Constant (64)
%MSG-e Specific:  25-Jul-2006 16:28:25 CDT pre-events
=========>
%MSG-e Specific:  25-Jul-2006 16:28:25 CDT pre-events
=========>
%MSG-e Specific:  25-Jul-2006 16:28:25 CDT pre-events
DC: Exception:
%MSG-e Specific:  25-Jul-2006 16:28:25 CDT pre-events
DC: Exception:
%MSG-e Specific:  25-Jul-2006 16:28:25 CDT pre-events
SpecPar will be ignored for the following selection-std::string:
%MSG-e Specific:  25-Jul-2006 16:28:25 CDT pre-events
SpecPar will be ignored for the following selection-std::string:
%MSG-e Specific:  25-Jul-2006 16:28:25 CDT pre-events
//HVQF
%MSG-e Specific:  25-Jul-2006 16:28:25 CDT pre-events
//HVQF
%MSG-e Specific:  25-Jul-2006 16:28:25 CDT pre-events
=========>
%MSG-e Specific:  25-Jul-2006 16:28:25 CDT pre-events
=========>
%MSG-e Specific:  25-Jul-2006 16:28:25 CDT pre-events
DC: Exception:
%MSG-e Specific:  25-Jul-2006 16:28:25 CDT pre-events
DC: Exception:
%MSG-e Specific:  25-Jul-2006 16:28:25 CDT pre-events
SpecPar will be ignored for the following selection-std::string:
%MSG-e Specific:  25-Jul-2006 16:28:25 CDT pre-events
SpecPar will be ignored for the following selection-std::string:
%MSG-e Specific:  25-Jul-2006 16:28:25 CDT pre-events
//HVQX
%MSG-e Specific:  25-Jul-2006 16:28:25 CDT pre-events
//HVQX
%MSG-e Specific:  25-Jul-2006 16:28:25 CDT pre-events
=========>
%MSG-e Specific:  25-Jul-2006 16:28:25 CDT pre-events
=========>
%MSG-e Specific:  25-Jul-2006 16:28:25 CDT pre-events
DC: Exception:
%MSG-e Specific:  25-Jul-2006 16:28:25 CDT pre-events
DC: Exception:
%MSG-e Specific:  25-Jul-2006 16:28:25 CDT pre-events
SpecPar will be ignored for the following selection-std::string:
%MSG-e Specific:  25-Jul-2006 16:28:25 CDT pre-events
SpecPar will be ignored for the following selection-std::string:
%MSG-e Specific:  25-Jul-2006 16:28:25 CDT pre-events
//HFFibre.*
%MSG-e Specific:  25-Jul-2006 16:28:25 CDT pre-events
//HFFibre.*

*************************************************************
 Geant4 version Name: geant4-07-01    (30-June-2005)
                      Copyright : Geant4 Collaboration
                      Reference : NIM A 506 (2003), 250-303
                            WWW : http://cern.ch/geant4
*************************************************************

 Run Manager constructed 
 OscarProducer initializing 
MantisConverter: solidshape=TruncatedTube(section) MagneticFieldVolumes:V_3   TruncatedTube(section):  zHalf=330.505cm rIn=347.833cm rOut=383.104cm startPhi=0deg deltaPhi=30deg cutAtStart=365.554cm cutAtDelta=383.104cm cutInside=0
before
after
G4Tubs: 3478.33 3831.04 3305.05 0 30
MagneticFieldVolumes:V_3   TruncatedTube(section):  zHalf=330.505cm rIn=347.833cm rOut=383.104cm startPhi=0deg deltaPhi=30deg cutAtStart=365.554cm cutAtDelta=383.104cm cutInside=0
cath=0.337762
hypo=1.94507
al=79.9999
deltaPhi=30
r=3.65554
R=3.83104
alpha=-79.9999

   [ (     0.17365     -0.984807             0)
     (    0.984807       0.17365             0)
     (           0             0             1) ]

trans=(81458.4,0,0)
%MSG-i SimG4CoreGeometry:  PoolOutputModule:o1{ctor} 25-Jul-2006 16:28:28 CDT 
       pre-events
 DDG4SensitiveConverter::upDate() starts
%MSG-i SimG4CoreGeometry:  PoolOutputModule:o1{ctor} 25-Jul-2006 16:28:28 CDT 
       pre-events
 DDG4SensitiveConverter: Sensitive CALO Class Name CaloTrkProcessing ROU Name CaloHitsTk
%MSG-i SimG4CoreGeometry:  PoolOutputModule:o1{ctor} 25-Jul-2006 16:28:28 CDT 
       pre-events
 DDG4SensitiveConverter: Sensitive EBRY_1_E1AL Class Name EcalSensitiveDetector ROU Name EcalHitsEB
%MSG-i SimG4CoreGeometry:  PoolOutputModule:o1{ctor} 25-Jul-2006 16:28:28 CDT 
       pre-events
 DDG4SensitiveConverter: Sensitive EBRY_2_E1AL Class Name EcalSensitiveDetector ROU Name EcalHitsEB
%MSG-i SimG4CoreGeometry:  PoolOutputModule:o1{ctor} 25-Jul-2006 16:28:28 CDT 
       pre-events
 DDG4SensitiveConverter: Sensitive EBRY_3_E1AL Class Name EcalSensitiveDetector ROU Name EcalHitsEB
%MSG-i SimG4CoreGeometry:  PoolOutputModule:o1{ctor} 25-Jul-2006 16:28:28 CDT 
       pre-events
 DDG4SensitiveConverter: Sensitive EBRY_4_E1AL Class Name EcalSensitiveDetector ROU Name EcalHitsEB
%MSG-i SimG4CoreGeometry:  PoolOutputModule:o1{ctor} 25-Jul-2006 16:28:28 CDT 
       pre-events
 DDG4SensitiveConverter: Sensitive EBRY_5_E1AL Class Name EcalSensitiveDetector ROU Name EcalHitsEB
%MSG-i SimG4CoreGeometry:  PoolOutputModule:o1{ctor} 25-Jul-2006 16:28:28 CDT 
       pre-events
 DDG4SensitiveConverter: Sensitive EBRY_6_E1AL Class Name EcalSensitiveDetector ROU Name EcalHitsEB
%MSG-i SimG4CoreGeometry:  PoolOutputModule:o1{ctor} 25-Jul-2006 16:28:28 CDT 
       pre-events
 DDG4SensitiveConverter: Sensitive EBRY_7_E1AL Class Name EcalSensitiveDetector ROU Name EcalHitsEB
%MSG-i SimG4CoreGeometry:  PoolOutputModule:o1{ctor} 25-Jul-2006 16:28:28 CDT 
       pre-events
 DDG4SensitiveConverter: Sensitive EBRY_8_E1AL Class Name EcalSensitiveDetector ROU Name EcalHitsEB
%MSG-i SimG4CoreGeometry:  PoolOutputModule:o1{ctor} 25-Jul-2006 16:28:28 CDT 
       pre-events
 DDG4SensitiveConverter: Sensitive EBRY_9_E1AL Class Name EcalSensitiveDetector ROU Name EcalHitsEB
%MSG-i SimG4CoreGeometry:  PoolOutputModule:o1{ctor} 25-Jul-2006 16:28:28 CDT 
       pre-events
 DDG4SensitiveConverter: Sensitive EBRY_10_E1AL Class Name EcalSensitiveDetector ROU Name EcalHitsEB
%MSG-i SimG4CoreGeometry:  PoolOutputModule:o1{ctor} 25-Jul-2006 16:28:28 CDT 
       pre-events
 DDG4SensitiveConverter: Sensitive EBRY_11_E2AL Class Name EcalSensitiveDetector ROU Name EcalHitsEB
%MSG-i SimG4CoreGeometry:  PoolOutputModule:o1{ctor} 25-Jul-2006 16:28:28 CDT 
       pre-events
 DDG4SensitiveConverter: Sensitive EBRY_12_E2AL Class Name EcalSensitiveDetector ROU Name EcalHitsEB
%MSG-i SimG4CoreGeometry:  PoolOutputModule:o1{ctor} 25-Jul-2006 16:28:28 CDT 
       pre-events
 DDG4SensitiveConverter: Sensitive EBRY_13_E2AL Class Name EcalSensitiveDetector ROU Name EcalHitsEB
%MSG-i SimG4CoreGeometry:  PoolOutputModule:o1{ctor} 25-Jul-2006 16:28:28 CDT 
       pre-events
 DDG4SensitiveConverter: Sensitive EBRY_14_E2AL Class Name EcalSensitiveDetector ROU Name EcalHitsEB
%MSG-i SimG4CoreGeometry:  PoolOutputModule:o1{ctor} 25-Jul-2006 16:28:28 CDT 
       pre-events
 DDG4SensitiveConverter: Sensitive EBRY_15_E2AL Class Name EcalSensitiveDetector ROU Name EcalHitsEB
%MSG-i SimG4CoreGeometry:  PoolOutputModule:o1{ctor} 25-Jul-2006 16:28:28 CDT 
       pre-events
 DDG4SensitiveConverter: Sensitive EBRY_16_E2AL Class Name EcalSensitiveDetector ROU Name EcalHitsEB
%MSG-i SimG4CoreGeometry:  PoolOutputModule:o1{ctor} 25-Jul-2006 16:28:28 CDT 
       pre-events
 DDG4SensitiveConverter: Sensitive EBRY_17_E2AL Class Name EcalSensitiveDetector ROU Name EcalHitsEB
%MSG-i SimG4CoreGeometry:  PoolOutputModule:o1{ctor} 25-Jul-2006 16:28:28 CDT 
       pre-events
 DDG4SensitiveConverter: Sensitive EBRY_18_E2AL Class Name EcalSensitiveDetector ROU Name EcalHitsEB
%MSG-i SimG4CoreGeometry:  PoolOutputModule:o1{ctor} 25-Jul-2006 16:28:28 CDT 
       pre-events
 DDG4SensitiveConverter: Sensitive EBRY_19_E2AL Class Name EcalSensitiveDetector ROU Name EcalHitsEB
%MSG-i SimG4CoreGeometry:  PoolOutputModule:o1{ctor} 25-Jul-2006 16:28:28 CDT 
       pre-events
 DDG4SensitiveConverter: Sensitive EBRY_20_E2AL Class Name EcalSensitiveDetector ROU Name EcalHitsEB
%MSG-i SimG4CoreGeometry:  PoolOutputModule:o1{ctor} 25-Jul-2006 16:28:28 CDT 
       pre-events
 DDG4SensitiveConverter: Sensitive EBRY_21_E3AL Class Name EcalSensitiveDetector ROU Name EcalHitsEB
%MSG-i SimG4CoreGeometry:  PoolOutputModule:o1{ctor} 25-Jul-2006 16:28:28 CDT 
       pre-events
 DDG4SensitiveConverter: Sensitive EBRY_22_E3AL Class Name EcalSensitiveDetector ROU Name EcalHitsEB
%MSG-i SimG4CoreGeometry:  PoolOutputModule:o1{ctor} 25-Jul-2006 16:28:28 CDT 
       pre-events
 DDG4SensitiveConverter: Sensitive EBRY_23_E3AL Class Name EcalSensitiveDetector ROU Name EcalHitsEB
%MSG-i SimG4CoreGeometry:  PoolOutputModule:o1{ctor} 25-Jul-2006 16:28:28 CDT 
       pre-events
 DDG4SensitiveConverter: Sensitive EBRY_24_E3AL Class Name EcalSensitiveDetector ROU Name EcalHitsEB
%MSG-i SimG4CoreGeometry:  PoolOutputModule:o1{ctor} 25-Jul-2006 16:28:28 CDT 
       pre-events
 DDG4SensitiveConverter: Sensitive EBRY_25_E3AL Class Name EcalSensitiveDetector ROU Name EcalHitsEB
%MSG-i SimG4CoreGeometry:  PoolOutputModule:o1{ctor} 25-Jul-2006 16:28:28 CDT 
       pre-events
 DDG4SensitiveConverter: Sensitive EBRY_26_E3AL Class Name EcalSensitiveDetector ROU Name EcalHitsEB
%MSG-i SimG4CoreGeometry:  PoolOutputModule:o1{ctor} 25-Jul-2006 16:28:28 CDT 
       pre-events
 DDG4SensitiveConverter: Sensitive EBRY_27_E3AL Class Name EcalSensitiveDetector ROU Name EcalHitsEB
%MSG-i SimG4CoreGeometry:  PoolOutputModule:o1{ctor} 25-Jul-2006 16:28:28 CDT 
       pre-events
 DDG4SensitiveConverter: Sensitive EBRY_28_E3AL Class Name EcalSensitiveDetector ROU Name EcalHitsEB
%MSG-i SimG4CoreGeometry:  PoolOutputModule:o1{ctor} 25-Jul-2006 16:28:28 CDT 
       pre-events
 DDG4SensitiveConverter: Sensitive EBRY_29_E3AL Class Name EcalSensitiveDetector ROU Name EcalHitsEB
%MSG-i SimG4CoreGeometry:  PoolOutputModule:o1{ctor} 25-Jul-2006 16:28:28 CDT 
       pre-events
 DDG4SensitiveConverter: Sensitive EBRY_30_E3AL Class Name EcalSensitiveDetector ROU Name EcalHitsEB
%MSG-i SimG4CoreGeometry:  PoolOutputModule:o1{ctor} 25-Jul-2006 16:28:28 CDT 
       pre-events
 DDG4SensitiveConverter: Sensitive EBRY_31_E4AL Class Name EcalSensitiveDetector ROU Name EcalHitsEB
%MSG-i SimG4CoreGeometry:  PoolOutputModule:o1{ctor} 25-Jul-2006 16:28:28 CDT 
       pre-events
 DDG4SensitiveConverter: Sensitive EBRY_32_E4AL Class Name EcalSensitiveDetector ROU Name EcalHitsEB
%MSG-i SimG4CoreGeometry:  PoolOutputModule:o1{ctor} 25-Jul-2006 16:28:28 CDT 
       pre-events
 DDG4SensitiveConverter: Sensitive EBRY_33_E4AL Class Name EcalSensitiveDetector ROU Name EcalHitsEB
%MSG-i SimG4CoreGeometry:  PoolOutputModule:o1{ctor} 25-Jul-2006 16:28:28 CDT 
       pre-events
 DDG4SensitiveConverter: Sensitive EBRY_34_E4AL Class Name EcalSensitiveDetector ROU Name EcalHitsEB
%MSG-i SimG4CoreGeometry:  PoolOutputModule:o1{ctor} 25-Jul-2006 16:28:28 CDT 
       pre-events
 DDG4SensitiveConverter: Sensitive EBRY_35_E4AL Class Name EcalSensitiveDetector ROU Name EcalHitsEB
%MSG-i SimG4CoreGeometry:  PoolOutputModule:o1{ctor} 25-Jul-2006 16:28:28 CDT 
       pre-events
 DDG4SensitiveConverter: Sensitive EBRY_36_E4AL Class Name EcalSensitiveDetector ROU Name EcalHitsEB
%MSG-i SimG4CoreGeometry:  PoolOutputModule:o1{ctor} 25-Jul-2006 16:28:28 CDT 
       pre-events
 DDG4SensitiveConverter: Sensitive EBRY_37_E4AL Class Name EcalSensitiveDetector ROU Name EcalHitsEB
%MSG-i SimG4CoreGeometry:  PoolOutputModule:o1{ctor} 25-Jul-2006 16:28:28 CDT 
       pre-events
 DDG4SensitiveConverter: Sensitive EBRY_38_E4AL Class Name EcalSensitiveDetector ROU Name EcalHitsEB
%MSG-i SimG4CoreGeometry:  PoolOutputModule:o1{ctor} 25-Jul-2006 16:28:28 CDT 
       pre-events
 DDG4SensitiveConverter: Sensitive EBRY_39_E4AL Class Name EcalSensitiveDetector ROU Name EcalHitsEB
%MSG-i SimG4CoreGeometry:  PoolOutputModule:o1{ctor} 25-Jul-2006 16:28:28 CDT 
       pre-events
 DDG4SensitiveConverter: Sensitive EBRY_40_E4AL Class Name EcalSensitiveDetector ROU Name EcalHitsEB
%MSG-i SimG4CoreGeometry:  PoolOutputModule:o1{ctor} 25-Jul-2006 16:28:28 CDT 
       pre-events
 DDG4SensitiveConverter: Sensitive EBRY_41_E5AL Class Name EcalSensitiveDetector ROU Name EcalHitsEB
%MSG-i SimG4CoreGeometry:  PoolOutputModule:o1{ctor} 25-Jul-2006 16:28:28 CDT 
       pre-events
 DDG4SensitiveConverter: Sensitive EBRY_42_E5AL Class Name EcalSensitiveDetector ROU Name EcalHitsEB
%MSG-i SimG4CoreGeometry:  PoolOutputModule:o1{ctor} 25-Jul-2006 16:28:28 CDT 
       pre-events
 DDG4SensitiveConverter: Sensitive EBRY_43_E5AL Class Name EcalSensitiveDetector ROU Name EcalHitsEB
%MSG-i SimG4CoreGeometry:  PoolOutputModule:o1{ctor} 25-Jul-2006 16:28:28 CDT 
       pre-events
 DDG4SensitiveConverter: Sensitive EBRY_44_E5AL Class Name EcalSensitiveDetector ROU Name EcalHitsEB
%MSG-i SimG4CoreGeometry:  PoolOutputModule:o1{ctor} 25-Jul-2006 16:28:28 CDT 
       pre-events
 DDG4SensitiveConverter: Sensitive EBRY_45_E5AL Class Name EcalSensitiveDetector ROU Name EcalHitsEB
%MSG-i SimG4CoreGeometry:  PoolOutputModule:o1{ctor} 25-Jul-2006 16:28:28 CDT 
       pre-events
 DDG4SensitiveConverter: Sensitive EBRY_46_E5AL Class Name EcalSensitiveDetector ROU Name EcalHitsEB
%MSG-i SimG4CoreGeometry:  PoolOutputModule:o1{ctor} 25-Jul-2006 16:28:28 CDT 
       pre-events
 DDG4SensitiveConverter: Sensitive EBRY_47_E5AL Class Name EcalSensitiveDetector ROU Name EcalHitsEB
%MSG-i SimG4CoreGeometry:  PoolOutputModule:o1{ctor} 25-Jul-2006 16:28:28 CDT 
       pre-events
 DDG4SensitiveConverter: Sensitive EBRY_48_E5AL Class Name EcalSensitiveDetector ROU Name EcalHitsEB
%MSG-i SimG4CoreGeometry:  PoolOutputModule:o1{ctor} 25-Jul-2006 16:28:28 CDT 
       pre-events
 DDG4SensitiveConverter: Sensitive EBRY_49_E5AL Class Name EcalSensitiveDetector ROU Name EcalHitsEB
%MSG-i SimG4CoreGeometry:  PoolOutputModule:o1{ctor} 25-Jul-2006 16:28:28 CDT 
       pre-events
 DDG4SensitiveConverter: Sensitive EBRY_50_E5AL Class Name EcalSensitiveDetector ROU Name EcalHitsEB
%MSG-i SimG4CoreGeometry:  PoolOutputModule:o1{ctor} 25-Jul-2006 16:28:28 CDT 
       pre-events
 DDG4SensitiveConverter: Sensitive EBRY_51_E6AL Class Name EcalSensitiveDetector ROU Name EcalHitsEB
%MSG-i SimG4CoreGeometry:  PoolOutputModule:o1{ctor} 25-Jul-2006 16:28:28 CDT 
       pre-events
 DDG4SensitiveConverter: Sensitive EBRY_52_E6AL Class Name EcalSensitiveDetector ROU Name EcalHitsEB
%MSG-i SimG4CoreGeometry:  PoolOutputModule:o1{ctor} 25-Jul-2006 16:28:28 CDT 
       pre-events
 DDG4SensitiveConverter: Sensitive EBRY_53_E6AL Class Name EcalSensitiveDetector ROU Name EcalHitsEB
%MSG-i SimG4CoreGeometry:  PoolOutputModule:o1{ctor} 25-Jul-2006 16:28:28 CDT 
       pre-events
 DDG4SensitiveConverter: Sensitive EBRY_54_E6AL Class Name EcalSensitiveDetector ROU Name EcalHitsEB
%MSG-i SimG4CoreGeometry:  PoolOutputModule:o1{ctor} 25-Jul-2006 16:28:28 CDT 
       pre-events
 DDG4SensitiveConverter: Sensitive EBRY_55_E6AL Class Name EcalSensitiveDetector ROU Name EcalHitsEB
%MSG-i SimG4CoreGeometry:  PoolOutputModule:o1{ctor} 25-Jul-2006 16:28:28 CDT 
       pre-events
 DDG4SensitiveConverter: Sensitive EBRY_56_E6AL Class Name EcalSensitiveDetector ROU Name EcalHitsEB
%MSG-i SimG4CoreGeometry:  PoolOutputModule:o1{ctor} 25-Jul-2006 16:28:28 CDT 
       pre-events
 DDG4SensitiveConverter: Sensitive EBRY_57_E6AL Class Name EcalSensitiveDetector ROU Name EcalHitsEB
%MSG-i SimG4CoreGeometry:  PoolOutputModule:o1{ctor} 25-Jul-2006 16:28:28 CDT 
       pre-events
 DDG4SensitiveConverter: Sensitive EBRY_58_E6AL Class Name EcalSensitiveDetector ROU Name EcalHitsEB
%MSG-i SimG4CoreGeometry:  PoolOutputModule:o1{ctor} 25-Jul-2006 16:28:28 CDT 
       pre-events
 DDG4SensitiveConverter: Sensitive EBRY_59_E6AL Class Name EcalSensitiveDetector ROU Name EcalHitsEB
%MSG-i SimG4CoreGeometry:  PoolOutputModule:o1{ctor} 25-Jul-2006 16:28:28 CDT 
       pre-events
 DDG4SensitiveConverter: Sensitive EBRY_60_E6AL Class Name EcalSensitiveDetector ROU Name EcalHitsEB
%MSG-i SimG4CoreGeometry:  PoolOutputModule:o1{ctor} 25-Jul-2006 16:28:28 CDT 
       pre-events
 DDG4SensitiveConverter: Sensitive EBRY_61_E7AL Class Name EcalSensitiveDetector ROU Name EcalHitsEB
%MSG-i SimG4CoreGeometry:  PoolOutputModule:o1{ctor} 25-Jul-2006 16:28:28 CDT 
       pre-events
 DDG4SensitiveConverter: Sensitive EBRY_62_E7AL Class Name EcalSensitiveDetector ROU Name EcalHitsEB
%MSG-i SimG4CoreGeometry:  PoolOutputModule:o1{ctor} 25-Jul-2006 16:28:28 CDT 
       pre-events
 DDG4SensitiveConverter: Sensitive EBRY_63_E7AL Class Name EcalSensitiveDetector ROU Name EcalHitsEB
%MSG-i SimG4CoreGeometry:  PoolOutputModule:o1{ctor} 25-Jul-2006 16:28:28 CDT 
       pre-events
 DDG4SensitiveConverter: Sensitive EBRY_64_E7AL Class Name EcalSensitiveDetector ROU Name EcalHitsEB
%MSG-i SimG4CoreGeometry:  PoolOutputModule:o1{ctor} 25-Jul-2006 16:28:28 CDT 
       pre-events
 DDG4SensitiveConverter: Sensitive EBRY_65_E7AL Class Name EcalSensitiveDetector ROU Name EcalHitsEB
%MSG-i SimG4CoreGeometry:  PoolOutputModule:o1{ctor} 25-Jul-2006 16:28:28 CDT 
       pre-events
 DDG4SensitiveConverter: Sensitive EBRY_66_E7AL Class Name EcalSensitiveDetector ROU Name EcalHitsEB
%MSG-i SimG4CoreGeometry:  PoolOutputModule:o1{ctor} 25-Jul-2006 16:28:28 CDT 
       pre-events
 DDG4SensitiveConverter: Sensitive EBRY_67_E7AL Class Name EcalSensitiveDetector ROU Name EcalHitsEB
%MSG-i SimG4CoreGeometry:  PoolOutputModule:o1{ctor} 25-Jul-2006 16:28:28 CDT 
       pre-events
 DDG4SensitiveConverter: Sensitive EBRY_68_E7AL Class Name EcalSensitiveDetector ROU Name EcalHitsEB
%MSG-i SimG4CoreGeometry:  PoolOutputModule:o1{ctor} 25-Jul-2006 16:28:28 CDT 
       pre-events
 DDG4SensitiveConverter: Sensitive EBRY_69_E7AL Class Name EcalSensitiveDetector ROU Name EcalHitsEB
%MSG-i SimG4CoreGeometry:  PoolOutputModule:o1{ctor} 25-Jul-2006 16:28:28 CDT 
       pre-events
 DDG4SensitiveConverter: Sensitive EBRY_70_E7AL Class Name EcalSensitiveDetector ROU Name EcalHitsEB
%MSG-i SimG4CoreGeometry:  PoolOutputModule:o1{ctor} 25-Jul-2006 16:28:28 CDT 
       pre-events
 DDG4SensitiveConverter: Sensitive EBRY_71_E8AL Class Name EcalSensitiveDetector ROU Name EcalHitsEB
%MSG-i SimG4CoreGeometry:  PoolOutputModule:o1{ctor} 25-Jul-2006 16:28:28 CDT 
       pre-events
 DDG4SensitiveConverter: Sensitive EBRY_72_E8AL Class Name EcalSensitiveDetector ROU Name EcalHitsEB
%MSG-i SimG4CoreGeometry:  PoolOutputModule:o1{ctor} 25-Jul-2006 16:28:28 CDT 
       pre-events
 DDG4SensitiveConverter: Sensitive EBRY_73_E8AL Class Name EcalSensitiveDetector ROU Name EcalHitsEB
%MSG-i SimG4CoreGeometry:  PoolOutputModule:o1{ctor} 25-Jul-2006 16:28:28 CDT 
       pre-events
 DDG4SensitiveConverter: Sensitive EBRY_74_E8AL Class Name EcalSensitiveDetector ROU Name EcalHitsEB
%MSG-i SimG4CoreGeometry:  PoolOutputModule:o1{ctor} 25-Jul-2006 16:28:28 CDT 
       pre-events
 DDG4SensitiveConverter: Sensitive EBRY_75_E8AL Class Name EcalSensitiveDetector ROU Name EcalHitsEB
%MSG-i SimG4CoreGeometry:  PoolOutputModule:o1{ctor} 25-Jul-2006 16:28:28 CDT 
       pre-events
 DDG4SensitiveConverter: Sensitive EBRY_76_E8AL Class Name EcalSensitiveDetector ROU Name EcalHitsEB
%MSG-i SimG4CoreGeometry:  PoolOutputModule:o1{ctor} 25-Jul-2006 16:28:28 CDT 
       pre-events
 DDG4SensitiveConverter: Sensitive EBRY_77_E8AL Class Name EcalSensitiveDetector ROU Name EcalHitsEB
%MSG-i SimG4CoreGeometry:  PoolOutputModule:o1{ctor} 25-Jul-2006 16:28:28 CDT 
       pre-events
 DDG4SensitiveConverter: Sensitive EBRY_78_E8AL Class Name EcalSensitiveDetector ROU Name EcalHitsEB
%MSG-i SimG4CoreGeometry:  PoolOutputModule:o1{ctor} 25-Jul-2006 16:28:28 CDT 
       pre-events
 DDG4SensitiveConverter: Sensitive EBRY_79_E8AL Class Name EcalSensitiveDetector ROU Name EcalHitsEB
%MSG-i SimG4CoreGeometry:  PoolOutputModule:o1{ctor} 25-Jul-2006 16:28:28 CDT 
       pre-events
 DDG4SensitiveConverter: Sensitive EBRY_80_E8AL Class Name EcalSensitiveDetector ROU Name EcalHitsEB
%MSG-i SimG4CoreGeometry:  PoolOutputModule:o1{ctor} 25-Jul-2006 16:28:28 CDT 
       pre-events
 DDG4SensitiveConverter: Sensitive EBRY_81_E9AL Class Name EcalSensitiveDetector ROU Name EcalHitsEB
%MSG-i SimG4CoreGeometry:  PoolOutputModule:o1{ctor} 25-Jul-2006 16:28:28 CDT 
       pre-events
 DDG4SensitiveConverter: Sensitive EBRY_82_E9AL Class Name EcalSensitiveDetector ROU Name EcalHitsEB
%MSG-i SimG4CoreGeometry:  PoolOutputModule:o1{ctor} 25-Jul-2006 16:28:28 CDT 
       pre-events
 DDG4SensitiveConverter: Sensitive EBRY_83_E9AL Class Name EcalSensitiveDetector ROU Name EcalHitsEB
%MSG-i SimG4CoreGeometry:  PoolOutputModule:o1{ctor} 25-Jul-2006 16:28:28 CDT 
       pre-events
 DDG4SensitiveConverter: Sensitive EBRY_84_E9AL Class Name EcalSensitiveDetector ROU Name EcalHitsEB
%MSG-i SimG4CoreGeometry:  PoolOutputModule:o1{ctor} 25-Jul-2006 16:28:28 CDT 
       pre-events
 DDG4SensitiveConverter: Sensitive EBRY_85_E9AL Class Name EcalSensitiveDetector ROU Name EcalHitsEB
%MSG-i SimG4CoreGeometry:  PoolOutputModule:o1{ctor} 25-Jul-2006 16:28:28 CDT 
       pre-events
 DDG4SensitiveConverter: Sensitive EBRY_86_E9AL Class Name EcalSensitiveDetector ROU Name EcalHitsEB
%MSG-i SimG4CoreGeometry:  PoolOutputModule:o1{ctor} 25-Jul-2006 16:28:28 CDT 
       pre-events
 DDG4SensitiveConverter: Sensitive EBRY_87_E9AL Class Name EcalSensitiveDetector ROU Name EcalHitsEB
%MSG-i SimG4CoreGeometry:  PoolOutputModule:o1{ctor} 25-Jul-2006 16:28:28 CDT 
       pre-events
 DDG4SensitiveConverter: Sensitive EBRY_88_E9AL Class Name EcalSensitiveDetector ROU Name EcalHitsEB
%MSG-i SimG4CoreGeometry:  PoolOutputModule:o1{ctor} 25-Jul-2006 16:28:28 CDT 
       pre-events
 DDG4SensitiveConverter: Sensitive EBRY_89_E9AL Class Name EcalSensitiveDetector ROU Name EcalHitsEB
%MSG-i SimG4CoreGeometry:  PoolOutputModule:o1{ctor} 25-Jul-2006 16:28:28 CDT 
       pre-events
 DDG4SensitiveConverter: Sensitive EBRY_90_E9AL Class Name EcalSensitiveDetector ROU Name EcalHitsEB
%MSG-i SimG4CoreGeometry:  PoolOutputModule:o1{ctor} 25-Jul-2006 16:28:28 CDT 
       pre-events
 DDG4SensitiveConverter: Sensitive EBRY_91_EJAL Class Name EcalSensitiveDetector ROU Name EcalHitsEB
%MSG-i SimG4CoreGeometry:  PoolOutputModule:o1{ctor} 25-Jul-2006 16:28:28 CDT 
       pre-events
 DDG4SensitiveConverter: Sensitive EBRY_92_EJAL Class Name EcalSensitiveDetector ROU Name EcalHitsEB
%MSG-i SimG4CoreGeometry:  PoolOutputModule:o1{ctor} 25-Jul-2006 16:28:28 CDT 
       pre-events
 DDG4SensitiveConverter: Sensitive EBRY_93_EJAL Class Name EcalSensitiveDetector ROU Name EcalHitsEB
%MSG-i SimG4CoreGeometry:  PoolOutputModule:o1{ctor} 25-Jul-2006 16:28:28 CDT 
       pre-events
 DDG4SensitiveConverter: Sensitive EBRY_94_EJAL Class Name EcalSensitiveDetector ROU Name EcalHitsEB
%MSG-i SimG4CoreGeometry:  PoolOutputModule:o1{ctor} 25-Jul-2006 16:28:28 CDT 
       pre-events
 DDG4SensitiveConverter: Sensitive EBRY_95_EJAL Class Name EcalSensitiveDetector ROU Name EcalHitsEB
%MSG-i SimG4CoreGeometry:  PoolOutputModule:o1{ctor} 25-Jul-2006 16:28:28 CDT 
       pre-events
 DDG4SensitiveConverter: Sensitive EBRY_96_EJAL Class Name EcalSensitiveDetector ROU Name EcalHitsEB
%MSG-i SimG4CoreGeometry:  PoolOutputModule:o1{ctor} 25-Jul-2006 16:28:28 CDT 
       pre-events
 DDG4SensitiveConverter: Sensitive EBRY_97_EJAL Class Name EcalSensitiveDetector ROU Name EcalHitsEB
%MSG-i SimG4CoreGeometry:  PoolOutputModule:o1{ctor} 25-Jul-2006 16:28:28 CDT 
       pre-events
 DDG4SensitiveConverter: Sensitive EBRY_98_EJAL Class Name EcalSensitiveDetector ROU Name EcalHitsEB
 World volume defined 
Creating a new Timing Report
StopWatch bias 5.01649e-09
CPUWatch bias 0.000152

         ___________________________________        
      .-'                                   '-.     
    .'      Magnetic Field Geometry built      `.   
   /                                             \  
  ;         Barrel volumes: 2436                  ; 
  ;         Endcap volumes: 816                   ; 
   \                                             /  
    `.          Fasten your seatbelt.          .'   
      `-.___________________________________.-'     

B-field(T) at (0,0,0)(cm):  (9.08977e-22,-9.09131e-22,4.06811) 
%MSG-i SimG4CoreSensitiveDetector:  PoolOutputModule:o1{ctor} 
       25-Jul-2006 16:28:31 CDT pre-events
 AttachSD: trying to find something for CaloTrkProcessing CaloHitsTk
%MSG-i CaloSim:  PoolOutputModule:o1{ctor} 25-Jul-2006 16:28:31 CDT pre-events
CaloTrkProcessing: Initailised with TestBeam = 0 Emin = 0.01 MeV
%MSG-i CaloSim:  PoolOutputModule:o1{ctor} 25-Jul-2006 16:28:31 CDT pre-events
CaloTrkProcessing: Names for Calorimeter:
%MSG-i CaloSim:  PoolOutputModule:o1{ctor} 25-Jul-2006 16:28:31 CDT pre-events
 (0) CALO
%MSG-i CaloSim:  PoolOutputModule:o1{ctor} 25-Jul-2006 16:28:31 CDT pre-events
 (1) VCAL
%MSG-i CaloSim:  PoolOutputModule:o1{ctor} 25-Jul-2006 16:28:31 CDT pre-events
CaloTrkProcessing: Names for Inside:
%MSG-i CaloSim:  PoolOutputModule:o1{ctor} 25-Jul-2006 16:28:31 CDT pre-events
 (0) BEAM
%MSG-i CaloSim:  PoolOutputModule:o1{ctor} 25-Jul-2006 16:28:31 CDT pre-events
 (1) Tracker
%MSG-i CaloSim:  PoolOutputModule:o1{ctor} 25-Jul-2006 16:28:31 CDT pre-events
 (2) NotFound
%MSG-i SimG4CoreSensitiveDetector:  PoolOutputModule:o1{ctor} 
       25-Jul-2006 16:28:31 CDT pre-events
 AttachSD: trying to find something for EcalSensitiveDetector EcalHitsEB
%MSG-i CaloSim:  PoolOutputModule:o1{ctor} 25-Jul-2006 16:28:31 CDT pre-events
CaloSD: Minimum energy of track for saving it 1 GeV
        Use of HitID Map 1
        Check last 25 before saving the hit
%MSG-i EcalGeom:  PoolOutputModule:o1{ctor} 25-Jul-2006 16:28:31 CDT pre-events
Creating EcalBarrelNumberingScheme
%MSG-i EcalSim:  PoolOutputModule:o1{ctor} 25-Jul-2006 16:28:31 CDT pre-events
EcalSD: updates numbering scheme for EcalHitsEB

%MSG-i EcalSim:  PoolOutputModule:o1{ctor} 25-Jul-2006 16:28:31 CDT pre-events
ECalSD:: Use of Birks law is set to      0        with the two constants C1 = 8.11396e+17, C2 = 3.73981e+34
%MSG-i SimG4CoreSensitiveDetector:  PoolOutputModule:o1{ctor} 
       25-Jul-2006 16:28:32 CDT pre-events
 AttachSD: trying to find something for EcalSensitiveDetector EcalHitsEE
%MSG-i CaloSim:  PoolOutputModule:o1{ctor} 25-Jul-2006 16:28:32 CDT pre-events
CaloSD: Minimum energy of track for saving it 1 GeV
        Use of HitID Map 1
        Check last 25 before saving the hit
%MSG-i EcalGeom:  PoolOutputModule:o1{ctor} 25-Jul-2006 16:28:32 CDT pre-events
Creating EcalEndcapNumberingScheme
%MSG-i EcalSim:  PoolOutputModule:o1{ctor} 25-Jul-2006 16:28:32 CDT pre-events
EcalSD: updates numbering scheme for EcalHitsEE

%MSG-i EcalSim:  PoolOutputModule:o1{ctor} 25-Jul-2006 16:28:32 CDT pre-events
ECalSD:: Use of Birks law is set to      0        with the two constants C1 = 8.11396e+17, C2 = 3.73981e+34
%MSG-i SimG4CoreSensitiveDetector:  PoolOutputModule:o1{ctor} 
       25-Jul-2006 16:28:33 CDT pre-events
 AttachSD: trying to find something for EcalSensitiveDetector EcalHitsES
%MSG-i CaloSim:  PoolOutputModule:o1{ctor} 25-Jul-2006 16:28:33 CDT pre-events
CaloSD: Minimum energy of track for saving it 1 GeV
        Use of HitID Map 1
        Check last 25 before saving the hit
%MSG-i EcalGeom:  PoolOutputModule:o1{ctor} 25-Jul-2006 16:28:33 CDT pre-events
Creating ShowerForwardNumberingScheme
%MSG-i EcalSim:  PoolOutputModule:o1{ctor} 25-Jul-2006 16:28:33 CDT pre-events
EcalSD: updates numbering scheme for EcalHitsES

%MSG-i EcalSim:  PoolOutputModule:o1{ctor} 25-Jul-2006 16:28:33 CDT pre-events
ECalSD:: Use of Birks law is set to      0        with the two constants C1 = 8.11396e+17, C2 = 3.73981e+34
%MSG-i SimG4CoreApplication:  PoolOutputModule:o1{ctor} 
       25-Jul-2006 16:28:33 CDT pre-events
 RunManager: Sensitive Detector building finished; found 0 Tk type Producers, and 4 Calo type producers 
 Generator constructed 


You are using the simulation engine reuse library: PACK 2.4


You are using the simulation engine: QGSP 2.8
 Setting the Threshold for eBrem (CMS modificatios) to 500 MeV
 Setting Production Cuts per Region

phot:  Total cross sections from Sandia parametrisation. 

compt:  Total cross sections has a good parametrisation from 10 KeV to (100/Z) GeV
      Sampling according Klein-Nishina model
      tables are built for  gamma
      Lambda tables from 100 eV  to 100 GeV in 90 bins.

conv:  Total cross sections has a good parametrisation from 1.5 MeV to 100 GeV for all Z;
      sampling secondary e+e- according to the Bethe-Heitler model
      tables are built for  gamma
      Lambda tables from 1.022 MeV to 100 GeV in 100 bins.

eBrem:   tables are built for  e-
      dE/dx and range tables from 100 eV  to 100 TeV in 120 bins.
      Lambda tables from threshold to 100 TeV in 120 bins.
      Total cross sections from a parametrisation based on the EEDL data library. 
      Good description from 1 KeV to 100 GeV, log scale extrapolation above 100 GeV.

eIoni:   tables are built for  e-
      dE/dx and range tables from 100 eV  to 100 TeV in 120 bins.
      Lambda tables from threshold to 100 TeV in 120 bins.
      Delta cross sections from Moller+Bhabha, good description from 1 KeV to 100 GeV.
      Step function: finalRange(mm)= 1, dRoverRange= 1, integral: 1

msc:  Model variant of multiple scattering for e-
      Lambda tables from 100 eV  to 100 TeV in 120 bins.
      Boundary algorithm is active with facrange= 0.199

eBrem:   tables are built for  e+
      dE/dx and range tables from 100 eV  to 100 TeV in 120 bins.
      Lambda tables from threshold to 100 TeV in 120 bins.
      Total cross sections from a parametrisation based on the EEDL data library. 
      Good description from 1 KeV to 100 GeV, log scale extrapolation above 100 GeV.

annihil:       Heilter model of formula of annihilation into 2 photons
      tables are built for  e+
      Lambda tables from 100 eV  to 100 TeV in 120 bins.

annihil:       Heilter model of formula of annihilation into 2 photons
      tables are built for  e+
      Lambda tables from 100 eV  to 100 TeV in 120 bins.

eIoni:   tables are built for  e+
      dE/dx and range tables from 100 eV  to 100 TeV in 120 bins.
      Lambda tables from threshold to 100 TeV in 120 bins.
      Delta cross sections from Moller+Bhabha, good description from 1 KeV to 100 GeV.
      Step function: finalRange(mm)= 1, dRoverRange= 1, integral: 1

hIoni:   tables are built for  proton
      dE/dx and range tables from 100 eV  to 100 TeV in 120 bins.
      Lambda tables from threshold to 100 TeV in 120 bins.
      Scaling relation is used to proton dE/dx and range
      Bether-Bloch model for Escaled > 2 MeV, ICRU49 parametrisation for protons below.
      Step function: finalRange(mm)= 1, dRoverRange= 0.2, integral: 1

msc:  Model variant of multiple scattering for proton
      Lambda tables from 100 eV  to 100 TeV in 120 bins.
      Boundary algorithm is active with facrange= 0.199

ionIoni:   tables are built for  GenericIon
      dE/dx and range tables from 100 eV  to 100 TeV in 120 bins.
      Lambda tables from threshold to 100 TeV in 120 bins.
      Scaling relation is used to proton dE/dx and range
      Bether-Bloch model for Escaled > 2 MeV, ICRU49 parametrisation for alpha particles below.
      Step function: finalRange(mm)= 0.1, dRoverRange= 0.1, integral: 1

msc:  Model variant of multiple scattering for GenericIon

muIoni:   tables are built for  mu+
      dE/dx and range tables from 100 eV  to 100 TeV in 120 bins.
      Lambda tables from threshold to 100 TeV in 120 bins.
      Bether-Bloch model for E > 0.2 MeV, parametrisation of Bragg peak below, 
      radiative corrections for E > 1 GeV
      Step function: finalRange(mm)= 1, dRoverRange= 0.2, integral: 1

muBrems:   tables are built for  mu+
      dE/dx and range tables from 100 eV  to 100 TeV in 120 bins.
      Lambda tables from threshold to 100 TeV in 120 bins.
      Parametrised model 

muPairProd:   tables are built for  mu+
      dE/dx and range tables from 100 eV  to 100 TeV in 120 bins.
      Lambda tables from threshold to 100 TeV in 120 bins.
      Parametrised model 

msc:  Model variant of multiple scattering for mu+
      Lambda tables from 100 eV  to 100 TeV in 120 bins.
      Boundary algorithm is active with facrange= 0.199

muIoni:   tables are built for  mu-
      dE/dx and range tables from 100 eV  to 100 TeV in 120 bins.
      Lambda tables from threshold to 100 TeV in 120 bins.
      Bether-Bloch model for E > 0.2 MeV, parametrisation of Bragg peak below, 
      radiative corrections for E > 1 GeV
      Step function: finalRange(mm)= 1, dRoverRange= 0.2, integral: 1

muBrems:   tables are built for  mu-
      dE/dx and range tables from 100 eV  to 100 TeV in 120 bins.
      Lambda tables from threshold to 100 TeV in 120 bins.
      Parametrised model 

muPairProd:   tables are built for  mu-
      dE/dx and range tables from 100 eV  to 100 TeV in 120 bins.
      Lambda tables from threshold to 100 TeV in 120 bins.
      Parametrised model 

msc:  Model variant of multiple scattering for pi-
      Lambda tables from 100 eV  to 100 TeV in 120 bins.
      Boundary algorithm is active with facrange= 0.199
%MSG-i SimG4CoreApplication:  PoolOutputModule:o1{ctor} 
       25-Jul-2006 16:28:53 CDT pre-events
 RunManager: user StackingAction overridden 
file:simhitoutput.root: level[Always] Root file version:51200
%MSG-i FwkReport:  main_input:source 25-Jul-2006 16:28:59 CDT BeforeEvents
Begin processing the 1th record. Run 1, Event 1
%MSG-i CaloSim:  OscarProducer:SimG4Object 25-Jul-2006 16:29:00 CDT 
       Run: 1 Event: 1
CaloMap: Initialised
%MSG-i SimG4CoreApplication:  OscarProducer:SimG4Object 
       25-Jul-2006 16:29:41 CDT Run: 1 Event: 1
 RunManager: saved : Event  1 of weight 0 with 1 tracks and 1 vertices, generated by 1 particles 
%MSG-i CaloSim:  OscarProducer:SimG4Object 25-Jul-2006 17:02:02 CDT 
       Run: 1 Event: 67
CaloSD: EcalHitsEB store 171 hits out of 171 recorded with 0 track IDs not given properly
%MSG-i CaloSim:  OscarProducer:SimG4Object 25-Jul-2006 17:19:20 CDT 
       Run: 1 Event: 100
CaloSD: EcalHitsEE store 986 hits out of 986 recorded with 0 track IDs not given properly
%MSG-i CaloSim:  OscarProducer:SimG4Object 25-Jul-2006 17:54:10 CDT 
       Run: 1 Event: 167
CaloSD: EcalHitsEB store 158 hits out of 158 recorded with 0 track IDs not given properly
WARNING - G4Navigator::ComputeStep()
          Track stuck, not moving for 10 steps
          in volume -E1CN- at point (-438.4584763,-1327.437159,637.8307546)
          direction: (-0.8101363239,0.4546205888,0.3701341067).
          Potential geometry or navigation problem !
          Trying pushing it of 9e-10 mm ...
%MSG-i FwkReport:  main_input:source 25-Jul-2006 18:10:25 CDT Run: 1 Event: 199
Begin processing the 200th record. Run 1, Event 200
%MSG-i SimG4CoreApplication:  OscarProducer:SimG4Object 
       25-Jul-2006 18:10:57 CDT Run: 1 Event: 200
 RunManager: saved : Event  200 of weight 0 with 1 tracks and 1 vertices, generated by 1 particles 
 OscarProducer terminating 
%MSG-i EcalGeom:  PostSource 25-Jul-2006 18:10:58 CDT Run: 1 Event: 200
Deleting EcalBarrelNumberingScheme

Main Thread CPU elapsed time 608530u 196s
  *******************************************
  *                                         *
  *        W E L C O M E  to  R O O T       *
  *                                         *
  *   Version   5.12/00      10 July 2006   *
  *                                         *
  *  You are welcome to visit our Web site  *
  *          http://root.cern.ch            *
  *                                         *
  *******************************************

Compiled on 14 July 2006 for linux with thread support.

CINT/ROOT C/C++ Interpreter version 5.16.13, June 8, 2006
Type ? for help. Commands must be C++ statements.
Enclose multiple statements between { }.
Loading FWLite...

Processing Simhit400GeV_all.C...
Total E = 400000
Histogram file created!! 
  *******************************************
  *                                         *
  *        W E L C O M E  to  R O O T       *
  *                                         *
  *   Version   5.12/00      10 July 2006   *
  *                                         *
  *  You are welcome to visit our Web site  *
  *          http://root.cern.ch            *
  *                                         *
  *******************************************

Compiled on 14 July 2006 for linux with thread support.

CINT/ROOT C/C++ Interpreter version 5.16.13, June 8, 2006
Type ? for help. Commands must be C++ statements.
Enclose multiple statements between { }.
Loading FWLite...

Processing DoCompare.C("400GeV")...
Initializing HistoCompare... 
(class HistoCompare)163746088
Initializing HistoCompare... 
[OVAL] Barrel_E1x1 PV= 1
Info in <TCanvas::Print>: eps file 400GeVBarrel_E1x1.eps has been created
[OVAL] Barrel_E2x2 PV= 1
Info in <TCanvas::Print>: eps file 400GeVBarrel_E2x2.eps has been created
[OVAL] Barrel_E3x3 PV= 1
Info in <TCanvas::Print>: eps file 400GeVBarrel_E3x3.eps has been created
[OVAL] Barrel_E4x4 PV= 1
Info in <TCanvas::Print>: eps file 400GeVBarrel_E4x4.eps has been created
[OVAL] Barrel_E5x5 PV= 1
Info in <TCanvas::Print>: eps file 400GeVBarrel_E5x5.eps has been created
[OVAL] Barrel_E1OverE4 PV= 1
Info in <TCanvas::Print>: eps file 400GeVBarrel_E1OverE4.eps has been created
[OVAL] Barrel_E4OverE9 PV= 1
Info in <TCanvas::Print>: eps file 400GeVBarrel_E4OverE9.eps has been created
[OVAL] Barrel_E9OverE16 PV= 1
Info in <TCanvas::Print>: eps file 400GeVBarrel_E9OverE16.eps has been created
[OVAL] Barrel_E16OverE25 PV= 1
Info in <TCanvas::Print>: eps file 400GeVBarrel_E16OverE25.eps has been created
[OVAL] Barrel_E1OverE25 PV= 1
Info in <TCanvas::Print>: eps file 400GeVBarrel_E1OverE25.eps has been created
[OVAL] Barrel_E9OverE25 PV= 1
Info in <TCanvas::Print>: eps file 400GeVBarrel_E9OverE25.eps has been created
[OVAL] Ecal_EBOverETotal PV= 1
Info in <TCanvas::Print>: eps file 400GeVEcal_EBOverETotal.eps has been created
[OVAL] Ecal_EEOverETotal PV= 1
Info in <TCanvas::Print>: eps file 400GeVEcal_EEOverETotal.eps has been created
[OVAL] Ecal_EPOverETotal PV= 1
Info in <TCanvas::Print>: eps file 400GeVEcal_EPOverETotal.eps has been created
[OVAL] Ecal_EBEEEPOverETotal PV= 1
Info in <TCanvas::Print>: eps file 400GeVEcal_EBEEEPOverETotal.eps has been created
[OVAL] PreShower_EHit_L1zp PV= 1
Info in <TCanvas::Print>: eps file 400GeVPreShower_EHit_L1zp.eps has been created
[OVAL] PreShower_EHit_L2zp PV= 1
Info in <TCanvas::Print>: eps file 400GeVPreShower_EHit_L2zp.eps has been created
[OVAL] Preshower_NHit_L1zp PV= 1
Info in <TCanvas::Print>: eps file 400GeVPreshower_NHit_L1zp.eps has been created
[OVAL] Preshower_NHit_L2zp PV= 1
Info in <TCanvas::Print>: eps file 400GeVPreshower_NHit_L2zp.eps has been created
[OVAL] Endcap_E1x1 PV= 1
Info in <TCanvas::Print>: eps file 400GeVEndcap_E1x1.eps has been created
[OVAL] Endcap_E2x2 PV= 1
Info in <TCanvas::Print>: eps file 400GeVEndcap_E2x2.eps has been created
[OVAL] Endcap_E3x3 PV= 1
Info in <TCanvas::Print>: eps file 400GeVEndcap_E3x3.eps has been created
[OVAL] Endcap_E4x4 PV= 1
Info in <TCanvas::Print>: eps file 400GeVEndcap_E4x4.eps has been created
[OVAL] Endcap_E5x5 PV= 1
Info in <TCanvas::Print>: eps file 400GeVEndcap_E5x5.eps has been created
[OVAL] Endcap_E1OverE4 PV= 1
Info in <TCanvas::Print>: eps file 400GeVEndcap_E1OverE4.eps has been created
[OVAL] Endcap_E4OverE9 PV= 1
Info in <TCanvas::Print>: eps file 400GeVEndcap_E4OverE9.eps has been created
[OVAL] Endcap_E9OverE16 PV= 1
Info in <TCanvas::Print>: eps file 400GeVEndcap_E9OverE16.eps has been created
[OVAL] Endcap_E16OverE25 PV= 1
Info in <TCanvas::Print>: eps file 400GeVEndcap_E16OverE25.eps has been created
[OVAL] Endcap_E1OverE25 PV= 1
Info in <TCanvas::Print>: eps file 400GeVEndcap_E1OverE25.eps has been created
[OVAL] Endcap_E9OverE25 PV= 1
Info in <TCanvas::Print>: eps file 400GeVEndcap_E9OverE25.eps has been created
[OVAL] PreShower_EHit_L1zm PV= 1
Info in <TCanvas::Print>: eps file 400GeVPreShower_EHit_L1zm.eps has been created
[OVAL] PreShower_EHit_L2zm PV= 1
Info in <TCanvas::Print>: eps file 400GeVPreShower_EHit_L2zm.eps has been created
[OVAL] Preshower_NHit_L1zm PV= 1
Info in <TCanvas::Print>: eps file 400GeVPreshower_NHit_L1zm.eps has been created
[OVAL] Preshower_NHit_L2zm PV= 1
Info in <TCanvas::Print>: eps file 400GeVPreshower_NHit_L2zm.eps has been created
[OVAL] Barrel_Longitudinal PV = 1
Info in <TCanvas::Print>: eps file 400GeVBarrel_Longitudinal.eps has been created
[OVAL] Barrel_Occupancy PV = 1
Info in <TCanvas::Print>: eps file 400GeVBarrel_Occupancy.eps has been created
[OVAL] Endcap_Longitudinal PV = 1
Info in <TCanvas::Print>: eps file 400GeVEndcap_Longitudinal.eps has been created
[OVAL] Endcap_Occupancy PV = 1
Info in <TCanvas::Print>: eps file 400GeVEndcap_Occupancy.eps has been created
Info in <TCanvas::Print>: eps file 400GeVPreshower_EEOverES_zp.eps has been created
Info in <TCanvas::Print>: eps file 400GeVPreshower_EEOverES_zm.eps has been created

[oval run] ==========================================
[oval run] result: OK
[oval run] ==========================================

